<html>
<body>
<pre>
<h1>µVision Build Log</h1>
<h2>Project:</h2>
C:\Users\harshith ramamurthy\Desktop\MCA_Lab\MCA_Lab _assignments\Stepper with interrupt LPC\Stepper_interrupt.uvproj
Project File Date:  01/12/2022

<h2>Output:</h2>
Rebuild target 'Target 1'
assembling Startup.s...
compiling main.c...
main.c(4): warning:  #1295-D: Deprecated declaration delay - give arg types
  void delay();
main.c(52): warning:  #1-D: last line of file ends without a newline
  }
main.c: 2 warnings, 0 errors
linking...
Program Size: Code=820 RO-data=32 RW-data=8 ZI-data=1256  
FromELF: creating hex file...
".\Stepper_interrupt.axf" - 0 Error(s), 2 Warning(s).
</pre>
</body>
</html>
